
> secure-account-manager@0.1.0 build
> next build

Γû▓ Next.js 16.1.6 (Turbopack)
- Environments: .env

  Creating an optimized production build ...
Γ£ô Compiled successfully in 32.9s
  Running TypeScript ...
  Collecting page data using 3 workers ...
npm : Error [PrismaClientConstructorValidationError]: Using engine type 
"client" requires either "adapter" or "accelerateUrl" to be provided to 
PrismaClient constructor.
At line:1 char:1
+ npm run build > build_output.txt 2>&1
+ ~~~~~~~~~~~~~~~~~~~~~~~~~~~~~~~~~~~~~
    + CategoryInfo          : NotSpecified: (Error [PrismaCl...nt constructor. 
   :String) [], RemoteException
    + FullyQualifiedErrorId : NativeCommandError
 
Read more at https://pris.ly/d/client-constructor
    at module evaluation (D:\Most Important\project ps\Account mananagement sys
tem\secure-account-manager\.next\server\chunks\[root-of-the-server]__8f6fbcfe._
.js:1:1167)
    at instantiateModule (D:\Most Important\project ps\Account mananagement 
system\secure-account-manager\.next\server\chunks\[turbopack]_runtime.js:740:9)
    at getOrInstantiateModuleFromParent (D:\Most Important\project ps\Account 
mananagement system\secure-account-manager\.next\server\chunks\[turbopack]_runt
ime.js:763:12)
    at Context.esmImport [as i] (D:\Most Important\project ps\Account 
mananagement system\secure-account-manager\.next\server\chunks\[turbopack]_runt
ime.js:228:20)
    at module evaluation (D:\Most Important\project ps\Account mananagement sys
tem\secure-account-manager\.next\server\chunks\[root-of-the-server]__8f6fbcfe._
.js:1:2271)
    at instantiateModule (D:\Most Important\project ps\Account mananagement 
system\secure-account-manager\.next\server\chunks\[turbopack]_runtime.js:740:9)
    at instantiateRuntimeModule (D:\Most Important\project ps\Account 
mananagement system\secure-account-manager\.next\server\chunks\[turbopack]_runt
ime.js:768:12)

> Build error occurred
Error: Failed to collect page data for /api/audit
    at ignore-listed frames {
  type: 'Error'
}
